// Jest Snapshot v1, https://goo.gl/fbAQLP

exports[`ResultList tests Matches snapshot 1`] = `
<section
  className="ResultList"
>
  <Paginator
    dir={-1}
    onPaginate={[Function]}
    resultsPageIndex={2}
    totalResults={999}
  >
    Prev
  </Paginator>
  <ul
    className="ResultList--list"
  >
    <ResultListItem
      ChildNodeName="li"
      gif={
        Object {
          "_score": 2500093.5,
          "bitly_gif_url": "https://gph.is/1LjlEFE",
          "bitly_url": "https://gph.is/1LjlEFE",
          "content_url": "",
          "embed_url": "https://giphy.com/embed/JIX9t2j0ZTN9S",
          "id": "JIX9t2j0ZTN9S",
          "images": Object {
            "480w_still": Object {
              "height": "480",
              "size": "19581",
              "url": "https://media2.giphy.com/media/JIX9t2j0ZTN9S/480w_s.jpg?cid=e1bb72ff5b6d561a6c553841678725c2",
              "width": "480",
            },
            "downsized": Object {
              "height": "250",
              "size": "982690",
              "url": "https://media2.giphy.com/media/JIX9t2j0ZTN9S/giphy-downsized.gif?cid=e1bb72ff5b6d561a6c553841678725c2",
              "width": "250",
            },
            "downsized_large": Object {
              "height": "720",
              "size": "7712339",
              "url": "https://media2.giphy.com/media/JIX9t2j0ZTN9S/giphy.gif?cid=e1bb72ff5b6d561a6c553841678725c2",
              "width": "720",
            },
            "downsized_medium": Object {
              "height": "576",
              "size": "4807852",
              "url": "https://media2.giphy.com/media/JIX9t2j0ZTN9S/giphy-downsized-medium.gif?cid=e1bb72ff5b6d561a6c553841678725c2",
              "width": "576",
            },
            "downsized_small": Object {
              "height": "720",
              "mp4": "https://media2.giphy.com/media/JIX9t2j0ZTN9S/giphy-downsized-small.mp4?cid=e1bb72ff5b6d561a6c553841678725c2",
              "mp4_size": "179594",
              "width": "720",
            },
            "downsized_still": Object {
              "height": "250",
              "size": "40785",
              "url": "https://media2.giphy.com/media/JIX9t2j0ZTN9S/giphy-downsized_s.gif?cid=e1bb72ff5b6d561a6c553841678725c2",
              "width": "250",
            },
            "fixed_height": Object {
              "height": "200",
              "mp4": "https://media2.giphy.com/media/JIX9t2j0ZTN9S/200.mp4?cid=e1bb72ff5b6d561a6c553841678725c2",
              "mp4_size": "17842",
              "size": "632576",
              "url": "https://media2.giphy.com/media/JIX9t2j0ZTN9S/200.gif?cid=e1bb72ff5b6d561a6c553841678725c2",
              "webp": "https://media2.giphy.com/media/JIX9t2j0ZTN9S/200.webp?cid=e1bb72ff5b6d561a6c553841678725c2",
              "webp_size": "158680",
              "width": "200",
            },
            "fixed_height_downsampled": Object {
              "height": "200",
              "size": "163461",
              "url": "https://media2.giphy.com/media/JIX9t2j0ZTN9S/200_d.gif?cid=e1bb72ff5b6d561a6c553841678725c2",
              "webp": "https://media2.giphy.com/media/JIX9t2j0ZTN9S/200_d.webp?cid=e1bb72ff5b6d561a6c553841678725c2",
              "webp_size": "46454",
              "width": "200",
            },
            "fixed_height_small": Object {
              "height": "100",
              "mp4": "https://media2.giphy.com/media/JIX9t2j0ZTN9S/100.mp4?cid=e1bb72ff5b6d561a6c553841678725c2",
              "mp4_size": "8988",
              "size": "205745",
              "url": "https://media2.giphy.com/media/JIX9t2j0ZTN9S/100.gif?cid=e1bb72ff5b6d561a6c553841678725c2",
              "webp": "https://media2.giphy.com/media/JIX9t2j0ZTN9S/100.webp?cid=e1bb72ff5b6d561a6c553841678725c2",
              "webp_size": "65708",
              "width": "100",
            },
            "fixed_height_small_still": Object {
              "height": "100",
              "url": "https://media2.giphy.com/media/JIX9t2j0ZTN9S/100_s.gif?cid=e1bb72ff5b6d561a6c553841678725c2",
              "width": "100",
            },
            "fixed_height_still": Object {
              "height": "200",
              "url": "https://media2.giphy.com/media/JIX9t2j0ZTN9S/200_s.gif?cid=e1bb72ff5b6d561a6c553841678725c2",
              "width": "200",
            },
            "fixed_width": Object {
              "height": "200",
              "mp4": "https://media2.giphy.com/media/JIX9t2j0ZTN9S/200w.mp4?cid=e1bb72ff5b6d561a6c553841678725c2",
              "mp4_size": "17842",
              "size": "632576",
              "url": "https://media2.giphy.com/media/JIX9t2j0ZTN9S/200w.gif?cid=e1bb72ff5b6d561a6c553841678725c2",
              "webp": "https://media2.giphy.com/media/JIX9t2j0ZTN9S/200w.webp?cid=e1bb72ff5b6d561a6c553841678725c2",
              "webp_size": "158680",
              "width": "200",
            },
            "fixed_width_downsampled": Object {
              "height": "200",
              "size": "163461",
              "url": "https://media2.giphy.com/media/JIX9t2j0ZTN9S/200w_d.gif?cid=e1bb72ff5b6d561a6c553841678725c2",
              "webp": "https://media2.giphy.com/media/JIX9t2j0ZTN9S/200w_d.webp?cid=e1bb72ff5b6d561a6c553841678725c2",
              "webp_size": "46454",
              "width": "200",
            },
            "fixed_width_small": Object {
              "height": "100",
              "mp4": "https://media2.giphy.com/media/JIX9t2j0ZTN9S/100w.mp4?cid=e1bb72ff5b6d561a6c553841678725c2",
              "mp4_size": "8988",
              "size": "205745",
              "url": "https://media2.giphy.com/media/JIX9t2j0ZTN9S/100w.gif?cid=e1bb72ff5b6d561a6c553841678725c2",
              "webp": "https://media2.giphy.com/media/JIX9t2j0ZTN9S/100w.webp?cid=e1bb72ff5b6d561a6c553841678725c2",
              "webp_size": "65708",
              "width": "100",
            },
            "fixed_width_small_still": Object {
              "height": "100",
              "url": "https://media2.giphy.com/media/JIX9t2j0ZTN9S/100w_s.gif?cid=e1bb72ff5b6d561a6c553841678725c2",
              "width": "100",
            },
            "fixed_width_still": Object {
              "height": "200",
              "url": "https://media2.giphy.com/media/JIX9t2j0ZTN9S/200w_s.gif?cid=e1bb72ff5b6d561a6c553841678725c2",
              "width": "200",
            },
            "looping": Object {
              "mp4": "https://media2.giphy.com/media/JIX9t2j0ZTN9S/giphy-loop.mp4?cid=e1bb72ff5b6d561a6c553841678725c2",
              "mp4_size": "812868",
            },
            "original": Object {
              "frames": "25",
              "height": "720",
              "mp4": "https://media2.giphy.com/media/JIX9t2j0ZTN9S/giphy.mp4?cid=e1bb72ff5b6d561a6c553841678725c2",
              "mp4_size": "52042",
              "size": "7712339",
              "url": "https://media2.giphy.com/media/JIX9t2j0ZTN9S/giphy.gif?cid=e1bb72ff5b6d561a6c553841678725c2",
              "webp": "https://media2.giphy.com/media/JIX9t2j0ZTN9S/giphy.webp?cid=e1bb72ff5b6d561a6c553841678725c2",
              "webp_size": "1427374",
              "width": "720",
            },
            "original_mp4": Object {
              "height": "480",
              "mp4": "https://media2.giphy.com/media/JIX9t2j0ZTN9S/giphy.mp4?cid=e1bb72ff5b6d561a6c553841678725c2",
              "mp4_size": "52042",
              "width": "480",
            },
            "original_still": Object {
              "height": "720",
              "url": "https://media2.giphy.com/media/JIX9t2j0ZTN9S/giphy_s.gif?cid=e1bb72ff5b6d561a6c553841678725c2",
              "width": "720",
            },
            "preview": Object {
              "height": "378",
              "mp4": "https://media2.giphy.com/media/JIX9t2j0ZTN9S/giphy-preview.mp4?cid=e1bb72ff5b6d561a6c553841678725c2",
              "mp4_size": "37518",
              "width": "378",
            },
            "preview_gif": Object {
              "height": "92",
              "size": "49760",
              "url": "https://media2.giphy.com/media/JIX9t2j0ZTN9S/giphy-preview.gif?cid=e1bb72ff5b6d561a6c553841678725c2",
              "width": "92",
            },
            "preview_webp": Object {
              "height": "166",
              "size": "49956",
              "url": "https://media2.giphy.com/media/JIX9t2j0ZTN9S/giphy-preview.webp?cid=e1bb72ff5b6d561a6c553841678725c2",
              "width": "166",
            },
          },
          "import_datetime": "2015-06-18 00:42:05",
          "is_sticker": 0,
          "rating": "g",
          "slug": "JIX9t2j0ZTN9S",
          "source": "https://www.reddit.com/r/reactiongifs/comments/3a8akf/my_cats_reaction_when_i_leave_home/",
          "source_post_url": "https://www.reddit.com/r/reactiongifs/comments/3a8akf/my_cats_reaction_when_i_leave_home/",
          "source_tld": "www.reddit.com",
          "title": "funny cat GIF",
          "trending_datetime": "2017-08-29 19:09:14",
          "type": "gif",
          "url": "https://giphy.com/gifs/JIX9t2j0ZTN9S",
          "username": "",
        }
      }
      index={0}
      key="JIX9t2j0ZTN9S"
      onItemSelect={[Function]}
      resultsPageIndex={2}
      selectedItemIndex={1}
    />
    <ResultListItem
      ChildNodeName="li"
      gif={
        Object {
          "_score": 2300083.8,
          "bitly_gif_url": "https://gph.is/2d8adKP",
          "bitly_url": "https://gph.is/2d8adKP",
          "content_url": "",
          "embed_url": "https://giphy.com/embed/mlvseq9yvZhba",
          "id": "mlvseq9yvZhba",
          "images": Object {
            "480w_still": Object {
              "height": "480",
              "url": "https://media0.giphy.com/media/mlvseq9yvZhba/480w_s.jpg?cid=e1bb72ff5b6d561a6c553841678725c2",
              "width": "480",
            },
            "downsized": Object {
              "height": "200",
              "size": "132937",
              "url": "https://media3.giphy.com/media/mlvseq9yvZhba/giphy-downsized.gif?cid=e1bb72ff5b6d561a6c553841678725c2",
              "width": "200",
            },
            "downsized_large": Object {
              "height": "200",
              "size": "132937",
              "url": "https://media3.giphy.com/media/mlvseq9yvZhba/giphy.gif~c200?cid=e1bb72ff5b6d561a6c553841678725c2",
              "width": "200",
            },
            "downsized_medium": Object {
              "height": "200",
              "size": "132937",
              "url": "https://media3.giphy.com/media/mlvseq9yvZhba/giphy.gif~c200?cid=e1bb72ff5b6d561a6c553841678725c2",
              "width": "200",
            },
            "downsized_small": Object {
              "height": "200",
              "mp4": "https://media3.giphy.com/media/mlvseq9yvZhba/giphy-downsized-small.mp4?cid=e1bb72ff5b6d561a6c553841678725c2",
              "mp4_size": "41111",
              "width": "200",
            },
            "downsized_still": Object {
              "height": "200",
              "size": "14369",
              "url": "https://media3.giphy.com/media/mlvseq9yvZhba/giphy-downsized_s.gif?cid=e1bb72ff5b6d561a6c553841678725c2",
              "width": "200",
            },
            "fixed_height": Object {
              "height": "200",
              "mp4": "https://media3.giphy.com/media/mlvseq9yvZhba/200.mp4?cid=e1bb72ff5b6d561a6c553841678725c2",
              "mp4_size": "16843",
              "size": "132910",
              "url": "https://media3.giphy.com/media/mlvseq9yvZhba/200.gif?cid=e1bb72ff5b6d561a6c553841678725c2",
              "webp": "https://media3.giphy.com/media/mlvseq9yvZhba/200.webp?cid=e1bb72ff5b6d561a6c553841678725c2",
              "webp_size": "165070",
              "width": "200",
            },
            "fixed_height_downsampled": Object {
              "height": "200",
              "size": "73055",
              "url": "https://media3.giphy.com/media/mlvseq9yvZhba/200_d.gif?cid=e1bb72ff5b6d561a6c553841678725c2",
              "webp": "https://media3.giphy.com/media/mlvseq9yvZhba/200_d.webp?cid=e1bb72ff5b6d561a6c553841678725c2",
              "webp_size": "76088",
              "width": "200",
            },
            "fixed_height_small": Object {
              "height": "100",
              "mp4": "https://media3.giphy.com/media/mlvseq9yvZhba/100.mp4?cid=e1bb72ff5b6d561a6c553841678725c2",
              "mp4_size": "6437",
              "size": "33264",
              "url": "https://media3.giphy.com/media/mlvseq9yvZhba/100.gif?cid=e1bb72ff5b6d561a6c553841678725c2",
              "webp": "https://media3.giphy.com/media/mlvseq9yvZhba/100.webp?cid=e1bb72ff5b6d561a6c553841678725c2",
              "webp_size": "53830",
              "width": "100",
            },
            "fixed_height_small_still": Object {
              "height": "100",
              "size": "4400",
              "url": "https://media3.giphy.com/media/mlvseq9yvZhba/100_s.gif?cid=e1bb72ff5b6d561a6c553841678725c2",
              "width": "100",
            },
            "fixed_height_still": Object {
              "height": "200",
              "size": "14369",
              "url": "https://media3.giphy.com/media/mlvseq9yvZhba/200_s.gif?cid=e1bb72ff5b6d561a6c553841678725c2",
              "width": "200",
            },
            "fixed_width": Object {
              "height": "200",
              "mp4": "https://media3.giphy.com/media/mlvseq9yvZhba/200w.mp4?cid=e1bb72ff5b6d561a6c553841678725c2",
              "mp4_size": "16843",
              "size": "132910",
              "url": "https://media3.giphy.com/media/mlvseq9yvZhba/200w.gif?cid=e1bb72ff5b6d561a6c553841678725c2",
              "webp": "https://media3.giphy.com/media/mlvseq9yvZhba/200w.webp?cid=e1bb72ff5b6d561a6c553841678725c2",
              "webp_size": "165070",
              "width": "200",
            },
            "fixed_width_downsampled": Object {
              "height": "200",
              "size": "73055",
              "url": "https://media3.giphy.com/media/mlvseq9yvZhba/200w_d.gif?cid=e1bb72ff5b6d561a6c553841678725c2",
              "webp": "https://media3.giphy.com/media/mlvseq9yvZhba/200w_d.webp?cid=e1bb72ff5b6d561a6c553841678725c2",
              "webp_size": "76088",
              "width": "200",
            },
            "fixed_width_small": Object {
              "height": "100",
              "mp4": "https://media3.giphy.com/media/mlvseq9yvZhba/100w.mp4?cid=e1bb72ff5b6d561a6c553841678725c2",
              "mp4_size": "6437",
              "size": "33264",
              "url": "https://media3.giphy.com/media/mlvseq9yvZhba/100w.gif?cid=e1bb72ff5b6d561a6c553841678725c2",
              "webp": "https://media3.giphy.com/media/mlvseq9yvZhba/100w.webp?cid=e1bb72ff5b6d561a6c553841678725c2",
              "webp_size": "53830",
              "width": "100",
            },
            "fixed_width_small_still": Object {
              "height": "100",
              "size": "4400",
              "url": "https://media3.giphy.com/media/mlvseq9yvZhba/100w_s.gif?cid=e1bb72ff5b6d561a6c553841678725c2",
              "width": "100",
            },
            "fixed_width_still": Object {
              "height": "200",
              "size": "14369",
              "url": "https://media3.giphy.com/media/mlvseq9yvZhba/200w_s.gif?cid=e1bb72ff5b6d561a6c553841678725c2",
              "width": "200",
            },
            "looping": Object {
              "mp4": "https://media3.giphy.com/media/mlvseq9yvZhba/giphy-loop.mp4?cid=e1bb72ff5b6d561a6c553841678725c2",
              "mp4_size": "1872820",
            },
            "original": Object {
              "frames": "13",
              "hash": "046a728414fff3b3a778be450d1e8139",
              "height": "200",
              "mp4": "https://media3.giphy.com/media/mlvseq9yvZhba/giphy.mp4?cid=e1bb72ff5b6d561a6c553841678725c2",
              "mp4_size": "225038",
              "size": "132937",
              "url": "https://media3.giphy.com/media/mlvseq9yvZhba/giphy.gif?cid=e1bb72ff5b6d561a6c553841678725c2",
              "webp": "https://media3.giphy.com/media/mlvseq9yvZhba/giphy.webp?cid=e1bb72ff5b6d561a6c553841678725c2",
              "webp_size": "165070",
              "width": "200",
            },
            "original_mp4": Object {
              "height": "480",
              "mp4": "https://media3.giphy.com/media/mlvseq9yvZhba/giphy.mp4?cid=e1bb72ff5b6d561a6c553841678725c2",
              "mp4_size": "95460",
              "width": "480",
            },
            "original_still": Object {
              "height": "200",
              "size": "14369",
              "url": "https://media3.giphy.com/media/mlvseq9yvZhba/giphy_s.gif?cid=e1bb72ff5b6d561a6c553841678725c2",
              "width": "200",
            },
            "preview": Object {
              "height": "200",
              "mp4": "https://media3.giphy.com/media/mlvseq9yvZhba/giphy-preview.mp4?cid=e1bb72ff5b6d561a6c553841678725c2",
              "mp4_size": "41111",
              "width": "200",
            },
            "preview_gif": Object {
              "height": "146",
              "size": "49595",
              "url": "https://media3.giphy.com/media/mlvseq9yvZhba/giphy-preview.gif?cid=e1bb72ff5b6d561a6c553841678725c2",
              "width": "146",
            },
            "preview_webp": Object {
              "height": "148",
              "size": "49660",
              "url": "https://media3.giphy.com/media/mlvseq9yvZhba/giphy-preview.webp?cid=e1bb72ff5b6d561a6c553841678725c2",
              "width": "148",
            },
          },
          "import_datetime": "2016-09-22 23:30:56",
          "is_sticker": 0,
          "rating": "g",
          "slug": "funny-cat-mlvseq9yvZhba",
          "source": "https://photobucket.com/images/funny%20cat%20gifs",
          "source_post_url": "https://photobucket.com/images/funny%20cat%20gifs",
          "source_tld": "photobucket.com",
          "title": "bored cat GIF",
          "trending_datetime": "2017-07-31 14:30:02",
          "type": "gif",
          "url": "https://giphy.com/gifs/funny-cat-mlvseq9yvZhba",
          "username": "",
        }
      }
      index={1}
      key="mlvseq9yvZhba"
      onItemSelect={[Function]}
      resultsPageIndex={2}
      selectedItemIndex={1}
    />
    <ResultListItem
      ChildNodeName="li"
      gif={
        Object {
          "_score": 2300065.8,
          "bitly_gif_url": "https://gph.is/1w6mM6h",
          "bitly_url": "https://gph.is/1w6mM6h",
          "content_url": "",
          "embed_url": "https://giphy.com/embed/nNxT5qXR02FOM",
          "id": "nNxT5qXR02FOM",
          "images": Object {
            "480w_still": Object {
              "height": "399",
              "url": "https://media4.giphy.com/media/nNxT5qXR02FOM/480w_s.jpg?cid=e1bb72ff5b6d561a6c553841678725c2",
              "width": "480",
            },
            "downsized": Object {
              "height": "208",
              "size": "874775",
              "url": "https://media1.giphy.com/media/nNxT5qXR02FOM/giphy.gif?cid=e1bb72ff5b6d561a6c553841678725c2",
              "width": "250",
            },
            "downsized_large": Object {
              "height": "208",
              "size": "874775",
              "url": "https://media1.giphy.com/media/nNxT5qXR02FOM/giphy.gif?cid=e1bb72ff5b6d561a6c553841678725c2",
              "width": "250",
            },
            "downsized_medium": Object {
              "height": "208",
              "size": "874775",
              "url": "https://media1.giphy.com/media/nNxT5qXR02FOM/giphy.gif?cid=e1bb72ff5b6d561a6c553841678725c2",
              "width": "250",
            },
            "downsized_small": Object {
              "height": "186",
              "mp4": "https://media1.giphy.com/media/nNxT5qXR02FOM/giphy-downsized-small.mp4?cid=e1bb72ff5b6d561a6c553841678725c2",
              "mp4_size": "84653",
              "width": "223",
            },
            "downsized_still": Object {
              "height": "208",
              "url": "https://media1.giphy.com/media/nNxT5qXR02FOM/giphy_s.gif?cid=e1bb72ff5b6d561a6c553841678725c2",
              "width": "250",
            },
            "fixed_height": Object {
              "height": "200",
              "mp4": "https://media1.giphy.com/media/nNxT5qXR02FOM/200.mp4?cid=e1bb72ff5b6d561a6c553841678725c2",
              "mp4_size": "65379",
              "size": "882282",
              "url": "https://media1.giphy.com/media/nNxT5qXR02FOM/200.gif?cid=e1bb72ff5b6d561a6c553841678725c2",
              "webp": "https://media1.giphy.com/media/nNxT5qXR02FOM/200.webp?cid=e1bb72ff5b6d561a6c553841678725c2",
              "webp_size": "507590",
              "width": "240",
            },
            "fixed_height_downsampled": Object {
              "height": "200",
              "size": "136584",
              "url": "https://media1.giphy.com/media/nNxT5qXR02FOM/200_d.gif?cid=e1bb72ff5b6d561a6c553841678725c2",
              "webp": "https://media1.giphy.com/media/nNxT5qXR02FOM/200_d.webp?cid=e1bb72ff5b6d561a6c553841678725c2",
              "webp_size": "69808",
              "width": "240",
            },
            "fixed_height_small": Object {
              "height": "100",
              "mp4": "https://media1.giphy.com/media/nNxT5qXR02FOM/100.mp4?cid=e1bb72ff5b6d561a6c553841678725c2",
              "mp4_size": "23791",
              "size": "265604",
              "url": "https://media1.giphy.com/media/nNxT5qXR02FOM/100.gif?cid=e1bb72ff5b6d561a6c553841678725c2",
              "webp": "https://media1.giphy.com/media/nNxT5qXR02FOM/100.webp?cid=e1bb72ff5b6d561a6c553841678725c2",
              "webp_size": "144840",
              "width": "120",
            },
            "fixed_height_small_still": Object {
              "height": "100",
              "url": "https://media1.giphy.com/media/nNxT5qXR02FOM/100_s.gif?cid=e1bb72ff5b6d561a6c553841678725c2",
              "width": "120",
            },
            "fixed_height_still": Object {
              "height": "200",
              "url": "https://media1.giphy.com/media/nNxT5qXR02FOM/200_s.gif?cid=e1bb72ff5b6d561a6c553841678725c2",
              "width": "240",
            },
            "fixed_width": Object {
              "height": "166",
              "mp4": "https://media1.giphy.com/media/nNxT5qXR02FOM/200w.mp4?cid=e1bb72ff5b6d561a6c553841678725c2",
              "mp4_size": "47984",
              "size": "635656",
              "url": "https://media1.giphy.com/media/nNxT5qXR02FOM/200w.gif?cid=e1bb72ff5b6d561a6c553841678725c2",
              "webp": "https://media1.giphy.com/media/nNxT5qXR02FOM/200w.webp?cid=e1bb72ff5b6d561a6c553841678725c2",
              "webp_size": "367904",
              "width": "200",
            },
            "fixed_width_downsampled": Object {
              "height": "166",
              "size": "97797",
              "url": "https://media1.giphy.com/media/nNxT5qXR02FOM/200w_d.gif?cid=e1bb72ff5b6d561a6c553841678725c2",
              "webp": "https://media1.giphy.com/media/nNxT5qXR02FOM/200w_d.webp?cid=e1bb72ff5b6d561a6c553841678725c2",
              "webp_size": "50542",
              "width": "200",
            },
            "fixed_width_small": Object {
              "height": "83",
              "mp4": "https://media1.giphy.com/media/nNxT5qXR02FOM/100w.mp4?cid=e1bb72ff5b6d561a6c553841678725c2",
              "mp4_size": "19976",
              "size": "194807",
              "url": "https://media1.giphy.com/media/nNxT5qXR02FOM/100w.gif?cid=e1bb72ff5b6d561a6c553841678725c2",
              "webp": "https://media1.giphy.com/media/nNxT5qXR02FOM/100w.webp?cid=e1bb72ff5b6d561a6c553841678725c2",
              "webp_size": "110328",
              "width": "100",
            },
            "fixed_width_small_still": Object {
              "height": "83",
              "url": "https://media1.giphy.com/media/nNxT5qXR02FOM/100w_s.gif?cid=e1bb72ff5b6d561a6c553841678725c2",
              "width": "100",
            },
            "fixed_width_still": Object {
              "height": "166",
              "url": "https://media1.giphy.com/media/nNxT5qXR02FOM/200w_s.gif?cid=e1bb72ff5b6d561a6c553841678725c2",
              "width": "200",
            },
            "looping": Object {
              "mp4": "https://media1.giphy.com/media/nNxT5qXR02FOM/giphy-loop.mp4?cid=e1bb72ff5b6d561a6c553841678725c2",
              "mp4_size": "2100131",
            },
            "original": Object {
              "frames": "44",
              "height": "208",
              "mp4": "https://media1.giphy.com/media/nNxT5qXR02FOM/giphy.mp4?cid=e1bb72ff5b6d561a6c553841678725c2",
              "mp4_size": "346792",
              "size": "874775",
              "url": "https://media1.giphy.com/media/nNxT5qXR02FOM/giphy.gif?cid=e1bb72ff5b6d561a6c553841678725c2",
              "webp": "https://media1.giphy.com/media/nNxT5qXR02FOM/giphy.webp?cid=e1bb72ff5b6d561a6c553841678725c2",
              "webp_size": "617846",
              "width": "250",
            },
            "original_mp4": Object {
              "height": "398",
              "mp4": "https://media1.giphy.com/media/nNxT5qXR02FOM/giphy.mp4?cid=e1bb72ff5b6d561a6c553841678725c2",
              "mp4_size": "346792",
              "width": "480",
            },
            "original_still": Object {
              "height": "208",
              "url": "https://media1.giphy.com/media/nNxT5qXR02FOM/giphy_s.gif?cid=e1bb72ff5b6d561a6c553841678725c2",
              "width": "250",
            },
            "preview": Object {
              "height": "128",
              "mp4": "https://media1.giphy.com/media/nNxT5qXR02FOM/giphy-preview.mp4?cid=e1bb72ff5b6d561a6c553841678725c2",
              "mp4_size": "31764",
              "width": "156",
            },
            "preview_gif": Object {
              "height": "90",
              "size": "48456",
              "url": "https://media1.giphy.com/media/nNxT5qXR02FOM/giphy-preview.gif?cid=e1bb72ff5b6d561a6c553841678725c2",
              "width": "108",
            },
            "preview_webp": Object {
              "height": "126",
              "size": "49274",
              "url": "https://media1.giphy.com/media/nNxT5qXR02FOM/giphy-preview.webp?cid=e1bb72ff5b6d561a6c553841678725c2",
              "width": "151",
            },
          },
          "import_datetime": "2014-11-09 21:45:49",
          "is_sticker": 0,
          "rating": "g",
          "slug": "transparent-baby-shake-nNxT5qXR02FOM",
          "source": "https://meowgifs.com/2823",
          "source_post_url": "https://meowgifs.com/2823",
          "source_tld": "www.google.com",
          "title": "excited cat GIF",
          "trending_datetime": "2017-05-04 14:16:54",
          "type": "gif",
          "url": "https://giphy.com/gifs/transparent-baby-shake-nNxT5qXR02FOM",
          "username": "",
        }
      }
      index={2}
      key="nNxT5qXR02FOM"
      onItemSelect={[Function]}
      resultsPageIndex={2}
      selectedItemIndex={1}
    />
    <ResultListItem
      ChildNodeName="li"
      gif={
        Object {
          "_score": 2300055.8,
          "bitly_gif_url": "https://gph.is/1za9SvR",
          "bitly_url": "https://gph.is/1za9SvR",
          "content_url": "",
          "embed_url": "https://giphy.com/embed/SRO0ZwmImic0",
          "id": "SRO0ZwmImic0",
          "images": Object {
            "480w_still": Object {
              "height": "641",
              "url": "https://media0.giphy.com/media/SRO0ZwmImic0/480w_s.jpg?cid=e1bb72ff5b6d561a6c553841678725c2",
              "width": "480",
            },
            "downsized": Object {
              "height": "331",
              "size": "138823",
              "url": "https://media3.giphy.com/media/SRO0ZwmImic0/giphy-downsized.gif?cid=e1bb72ff5b6d561a6c553841678725c2",
              "width": "248",
            },
            "downsized_large": Object {
              "height": "331",
              "size": "138823",
              "url": "https://media3.giphy.com/media/SRO0ZwmImic0/giphy.gif?cid=e1bb72ff5b6d561a6c553841678725c2",
              "width": "248",
            },
            "downsized_medium": Object {
              "height": "331",
              "size": "138823",
              "url": "https://media3.giphy.com/media/SRO0ZwmImic0/giphy.gif?cid=e1bb72ff5b6d561a6c553841678725c2",
              "width": "248",
            },
            "downsized_small": Object {
              "height": "330",
              "mp4": "https://media3.giphy.com/media/SRO0ZwmImic0/giphy-downsized-small.mp4?cid=e1bb72ff5b6d561a6c553841678725c2",
              "mp4_size": "17952",
              "width": "248",
            },
            "downsized_still": Object {
              "height": "331",
              "size": "53730",
              "url": "https://media3.giphy.com/media/SRO0ZwmImic0/giphy-downsized_s.gif?cid=e1bb72ff5b6d561a6c553841678725c2",
              "width": "248",
            },
            "fixed_height": Object {
              "height": "200",
              "mp4": "https://media3.giphy.com/media/SRO0ZwmImic0/200.mp4?cid=e1bb72ff5b6d561a6c553841678725c2",
              "mp4_size": "8258",
              "size": "95861",
              "url": "https://media3.giphy.com/media/SRO0ZwmImic0/200.gif?cid=e1bb72ff5b6d561a6c553841678725c2",
              "webp": "https://media3.giphy.com/media/SRO0ZwmImic0/200.webp?cid=e1bb72ff5b6d561a6c553841678725c2",
              "webp_size": "56772",
              "width": "150",
            },
            "fixed_height_downsampled": Object {
              "height": "200",
              "size": "228548",
              "url": "https://media3.giphy.com/media/SRO0ZwmImic0/200_d.gif?cid=e1bb72ff5b6d561a6c553841678725c2",
              "webp": "https://media3.giphy.com/media/SRO0ZwmImic0/200_d.webp?cid=e1bb72ff5b6d561a6c553841678725c2",
              "webp_size": "41016",
              "width": "150",
            },
            "fixed_height_small": Object {
              "height": "100",
              "mp4": "https://media3.giphy.com/media/SRO0ZwmImic0/100.mp4?cid=e1bb72ff5b6d561a6c553841678725c2",
              "mp4_size": "4098",
              "size": "39475",
              "url": "https://media3.giphy.com/media/SRO0ZwmImic0/100.gif?cid=e1bb72ff5b6d561a6c553841678725c2",
              "webp": "https://media3.giphy.com/media/SRO0ZwmImic0/100.webp?cid=e1bb72ff5b6d561a6c553841678725c2",
              "webp_size": "23628",
              "width": "75",
            },
            "fixed_height_small_still": Object {
              "height": "100",
              "url": "https://media3.giphy.com/media/SRO0ZwmImic0/100_s.gif?cid=e1bb72ff5b6d561a6c553841678725c2",
              "width": "75",
            },
            "fixed_height_still": Object {
              "height": "200",
              "url": "https://media3.giphy.com/media/SRO0ZwmImic0/200_s.gif?cid=e1bb72ff5b6d561a6c553841678725c2",
              "width": "150",
            },
            "fixed_width": Object {
              "height": "267",
              "mp4": "https://media3.giphy.com/media/SRO0ZwmImic0/200w.mp4?cid=e1bb72ff5b6d561a6c553841678725c2",
              "mp4_size": "11268",
              "size": "151264",
              "url": "https://media3.giphy.com/media/SRO0ZwmImic0/200w.gif?cid=e1bb72ff5b6d561a6c553841678725c2",
              "webp": "https://media3.giphy.com/media/SRO0ZwmImic0/200w.webp?cid=e1bb72ff5b6d561a6c553841678725c2",
              "webp_size": "86922",
              "width": "200",
            },
            "fixed_width_downsampled": Object {
              "height": "267",
              "size": "135902",
              "url": "https://media3.giphy.com/media/SRO0ZwmImic0/200w_d.gif?cid=e1bb72ff5b6d561a6c553841678725c2",
              "webp": "https://media3.giphy.com/media/SRO0ZwmImic0/200w_d.webp?cid=e1bb72ff5b6d561a6c553841678725c2",
              "webp_size": "63302",
              "width": "200",
            },
            "fixed_width_small": Object {
              "height": "133",
              "mp4": "https://media3.giphy.com/media/SRO0ZwmImic0/100w.mp4?cid=e1bb72ff5b6d561a6c553841678725c2",
              "mp4_size": "5366",
              "size": "60790",
              "url": "https://media3.giphy.com/media/SRO0ZwmImic0/100w.gif?cid=e1bb72ff5b6d561a6c553841678725c2",
              "webp": "https://media3.giphy.com/media/SRO0ZwmImic0/100w.webp?cid=e1bb72ff5b6d561a6c553841678725c2",
              "webp_size": "34736",
              "width": "100",
            },
            "fixed_width_small_still": Object {
              "height": "133",
              "url": "https://media3.giphy.com/media/SRO0ZwmImic0/100w_s.gif?cid=e1bb72ff5b6d561a6c553841678725c2",
              "width": "100",
            },
            "fixed_width_still": Object {
              "height": "267",
              "url": "https://media3.giphy.com/media/SRO0ZwmImic0/200w_s.gif?cid=e1bb72ff5b6d561a6c553841678725c2",
              "width": "200",
            },
            "looping": Object {
              "mp4": "https://media3.giphy.com/media/SRO0ZwmImic0/giphy-loop.mp4?cid=e1bb72ff5b6d561a6c553841678725c2",
              "mp4_size": "1094355",
            },
            "original": Object {
              "frames": "18",
              "height": "331",
              "mp4": "https://media3.giphy.com/media/SRO0ZwmImic0/giphy.mp4?cid=e1bb72ff5b6d561a6c553841678725c2",
              "mp4_size": "79617",
              "size": "138823",
              "url": "https://media3.giphy.com/media/SRO0ZwmImic0/giphy.gif?cid=e1bb72ff5b6d561a6c553841678725c2",
              "webp": "https://media3.giphy.com/media/SRO0ZwmImic0/giphy.webp?cid=e1bb72ff5b6d561a6c553841678725c2",
              "webp_size": "156640",
              "width": "248",
            },
            "original_mp4": Object {
              "height": "642",
              "mp4": "https://media3.giphy.com/media/SRO0ZwmImic0/giphy.mp4?cid=e1bb72ff5b6d561a6c553841678725c2",
              "mp4_size": "79617",
              "width": "480",
            },
            "original_still": Object {
              "height": "331",
              "url": "https://media3.giphy.com/media/SRO0ZwmImic0/giphy_s.gif?cid=e1bb72ff5b6d561a6c553841678725c2",
              "width": "248",
            },
            "preview": Object {
              "height": "330",
              "mp4": "https://media3.giphy.com/media/SRO0ZwmImic0/giphy-preview.mp4?cid=e1bb72ff5b6d561a6c553841678725c2",
              "mp4_size": "17952",
              "width": "248",
            },
            "preview_gif": Object {
              "height": "258",
              "size": "48425",
              "url": "https://media3.giphy.com/media/SRO0ZwmImic0/giphy-preview.gif?cid=e1bb72ff5b6d561a6c553841678725c2",
              "width": "193",
            },
            "preview_webp": Object {
              "height": "331",
              "size": "49874",
              "url": "https://media3.giphy.com/media/SRO0ZwmImic0/giphy-preview.webp?cid=e1bb72ff5b6d561a6c553841678725c2",
              "width": "248",
            },
          },
          "import_datetime": "2015-04-28 18:12:49",
          "is_sticker": 0,
          "rating": "g",
          "slug": "editor-cat-SRO0ZwmImic0",
          "source": "https://meowgifs.com/category/cute/page/3",
          "source_post_url": "https://meowgifs.com/category/cute/page/3",
          "source_tld": "meowgifs.com",
          "title": "happy birthday cat GIF",
          "trending_datetime": "2017-10-29 20:56:10",
          "type": "gif",
          "url": "https://giphy.com/gifs/editor-cat-SRO0ZwmImic0",
          "username": "",
        }
      }
      index={3}
      key="SRO0ZwmImic0"
      onItemSelect={[Function]}
      resultsPageIndex={2}
      selectedItemIndex={1}
    />
    <ResultListItem
      ChildNodeName="li"
      gif={
        Object {
          "_score": 2100074,
          "bitly_gif_url": "https://gph.is/1kADt78",
          "bitly_url": "https://gph.is/1kADt78",
          "content_url": "",
          "embed_url": "https://giphy.com/embed/vFKqnCdLPNOKc",
          "id": "vFKqnCdLPNOKc",
          "images": Object {
            "480w_still": Object {
              "height": "358",
              "size": "13116",
              "url": "https://media3.giphy.com/media/vFKqnCdLPNOKc/480w_s.jpg?cid=e1bb72ff5b6d561a6c553841678725c2",
              "width": "479",
            },
            "downsized": Object {
              "height": "332",
              "size": "454763",
              "url": "https://media3.giphy.com/media/vFKqnCdLPNOKc/giphy-downsized.gif?cid=e1bb72ff5b6d561a6c553841678725c2",
              "width": "444",
            },
            "downsized_large": Object {
              "height": "332",
              "size": "454763",
              "url": "https://media3.giphy.com/media/vFKqnCdLPNOKc/giphy.gif?cid=e1bb72ff5b6d561a6c553841678725c2",
              "width": "444",
            },
            "downsized_medium": Object {
              "height": "332",
              "size": "454763",
              "url": "https://media3.giphy.com/media/vFKqnCdLPNOKc/giphy.gif?cid=e1bb72ff5b6d561a6c553841678725c2",
              "width": "444",
            },
            "downsized_small": Object {
              "height": "332",
              "mp4": "https://media3.giphy.com/media/vFKqnCdLPNOKc/giphy-downsized-small.mp4?cid=e1bb72ff5b6d561a6c553841678725c2",
              "mp4_size": "35119",
              "width": "444",
            },
            "downsized_still": Object {
              "height": "332",
              "size": "88949",
              "url": "https://media3.giphy.com/media/vFKqnCdLPNOKc/giphy-downsized_s.gif?cid=e1bb72ff5b6d561a6c553841678725c2",
              "width": "444",
            },
            "fixed_height": Object {
              "height": "200",
              "mp4": "https://media3.giphy.com/media/vFKqnCdLPNOKc/200.mp4?cid=e1bb72ff5b6d561a6c553841678725c2",
              "mp4_size": "6005",
              "size": "58282",
              "url": "https://media3.giphy.com/media/vFKqnCdLPNOKc/200.gif?cid=e1bb72ff5b6d561a6c553841678725c2",
              "webp": "https://media3.giphy.com/media/vFKqnCdLPNOKc/200.webp?cid=e1bb72ff5b6d561a6c553841678725c2",
              "webp_size": "36910",
              "width": "267",
            },
            "fixed_height_downsampled": Object {
              "height": "200",
              "size": "217838",
              "url": "https://media3.giphy.com/media/vFKqnCdLPNOKc/200_d.gif?cid=e1bb72ff5b6d561a6c553841678725c2",
              "webp": "https://media3.giphy.com/media/vFKqnCdLPNOKc/200_d.webp?cid=e1bb72ff5b6d561a6c553841678725c2",
              "webp_size": "36910",
              "width": "267",
            },
            "fixed_height_small": Object {
              "height": "100",
              "mp4": "https://media3.giphy.com/media/vFKqnCdLPNOKc/100.mp4?cid=e1bb72ff5b6d561a6c553841678725c2",
              "mp4_size": "32260",
              "size": "58282",
              "url": "https://media3.giphy.com/media/vFKqnCdLPNOKc/100.gif?cid=e1bb72ff5b6d561a6c553841678725c2",
              "webp": "https://media3.giphy.com/media/vFKqnCdLPNOKc/100.webp?cid=e1bb72ff5b6d561a6c553841678725c2",
              "webp_size": "12220",
              "width": "134",
            },
            "fixed_height_small_still": Object {
              "height": "100",
              "url": "https://media3.giphy.com/media/vFKqnCdLPNOKc/100_s.gif?cid=e1bb72ff5b6d561a6c553841678725c2",
              "width": "134",
            },
            "fixed_height_still": Object {
              "height": "200",
              "url": "https://media3.giphy.com/media/vFKqnCdLPNOKc/200_s.gif?cid=e1bb72ff5b6d561a6c553841678725c2",
              "width": "267",
            },
            "fixed_width": Object {
              "height": "150",
              "mp4": "https://media3.giphy.com/media/vFKqnCdLPNOKc/200w.mp4?cid=e1bb72ff5b6d561a6c553841678725c2",
              "mp4_size": "5949",
              "size": "34448",
              "url": "https://media3.giphy.com/media/vFKqnCdLPNOKc/200w.gif?cid=e1bb72ff5b6d561a6c553841678725c2",
              "webp": "https://media3.giphy.com/media/vFKqnCdLPNOKc/200w.webp?cid=e1bb72ff5b6d561a6c553841678725c2",
              "webp_size": "21788",
              "width": "200",
            },
            "fixed_width_downsampled": Object {
              "height": "150",
              "size": "127174",
              "url": "https://media3.giphy.com/media/vFKqnCdLPNOKc/200w_d.gif?cid=e1bb72ff5b6d561a6c553841678725c2",
              "webp": "https://media3.giphy.com/media/vFKqnCdLPNOKc/200w_d.webp?cid=e1bb72ff5b6d561a6c553841678725c2",
              "webp_size": "21788",
              "width": "200",
            },
            "fixed_width_small": Object {
              "height": "75",
              "mp4": "https://media3.giphy.com/media/vFKqnCdLPNOKc/100w.mp4?cid=e1bb72ff5b6d561a6c553841678725c2",
              "mp4_size": "22137",
              "size": "34448",
              "url": "https://media3.giphy.com/media/vFKqnCdLPNOKc/100w.gif?cid=e1bb72ff5b6d561a6c553841678725c2",
              "webp": "https://media3.giphy.com/media/vFKqnCdLPNOKc/100w.webp?cid=e1bb72ff5b6d561a6c553841678725c2",
              "webp_size": "8114",
              "width": "100",
            },
            "fixed_width_small_still": Object {
              "height": "75",
              "url": "https://media3.giphy.com/media/vFKqnCdLPNOKc/100w_s.gif?cid=e1bb72ff5b6d561a6c553841678725c2",
              "width": "100",
            },
            "fixed_width_still": Object {
              "height": "150",
              "url": "https://media3.giphy.com/media/vFKqnCdLPNOKc/200w_s.gif?cid=e1bb72ff5b6d561a6c553841678725c2",
              "width": "200",
            },
            "looping": Object {
              "mp4": "https://media3.giphy.com/media/vFKqnCdLPNOKc/giphy-loop.mp4?cid=e1bb72ff5b6d561a6c553841678725c2",
              "mp4_size": "3441511",
            },
            "original": Object {
              "frames": "5",
              "height": "332",
              "mp4": "https://media3.giphy.com/media/vFKqnCdLPNOKc/giphy.mp4?cid=e1bb72ff5b6d561a6c553841678725c2",
              "mp4_size": "19531",
              "size": "454763",
              "url": "https://media3.giphy.com/media/vFKqnCdLPNOKc/giphy.gif?cid=e1bb72ff5b6d561a6c553841678725c2",
              "webp": "https://media3.giphy.com/media/vFKqnCdLPNOKc/giphy.webp?cid=e1bb72ff5b6d561a6c553841678725c2",
              "webp_size": "91738",
              "width": "444",
            },
            "original_mp4": Object {
              "height": "358",
              "mp4": "https://media3.giphy.com/media/vFKqnCdLPNOKc/giphy.mp4?cid=e1bb72ff5b6d561a6c553841678725c2",
              "mp4_size": "19531",
              "width": "480",
            },
            "original_still": Object {
              "height": "332",
              "url": "https://media3.giphy.com/media/vFKqnCdLPNOKc/giphy_s.gif?cid=e1bb72ff5b6d561a6c553841678725c2",
              "width": "444",
            },
            "preview": Object {
              "height": "332",
              "mp4": "https://media3.giphy.com/media/vFKqnCdLPNOKc/giphy-preview.mp4?cid=e1bb72ff5b6d561a6c553841678725c2",
              "mp4_size": "35119",
              "width": "444",
            },
            "preview_gif": Object {
              "height": "117",
              "size": "49732",
              "url": "https://media3.giphy.com/media/vFKqnCdLPNOKc/giphy-preview.gif?cid=e1bb72ff5b6d561a6c553841678725c2",
              "width": "156",
            },
            "preview_webp": Object {
              "height": "261",
              "size": "48162",
              "url": "https://media3.giphy.com/media/vFKqnCdLPNOKc/giphy-preview.webp?cid=e1bb72ff5b6d561a6c553841678725c2",
              "width": "349",
            },
          },
          "import_datetime": "2013-12-23 22:23:18",
          "is_sticker": 0,
          "rating": "g",
          "slug": "cat-lol-vFKqnCdLPNOKc",
          "source": "https://do-we-still-exist.tumblr.com/post/46611804125/follow-for-more",
          "source_post_url": "https://do-we-still-exist.tumblr.com/post/46611804125/follow-for-more",
          "source_tld": "do-we-still-exist.tumblr.com",
          "title": "white cat hello GIF",
          "trending_datetime": "2016-10-07 03:00:01",
          "type": "gif",
          "url": "https://giphy.com/gifs/cat-lol-vFKqnCdLPNOKc",
          "username": "",
        }
      }
      index={4}
      key="vFKqnCdLPNOKc"
      onItemSelect={[Function]}
      resultsPageIndex={2}
      selectedItemIndex={1}
    />
    <ResultListItem
      ChildNodeName="li"
      gif={
        Object {
          "_score": 2100062.8,
          "bitly_gif_url": "https://gph.is/19ljcLO",
          "bitly_url": "https://gph.is/19ljcLO",
          "content_url": "",
          "embed_url": "https://giphy.com/embed/33OrjzUFwkwEg",
          "id": "33OrjzUFwkwEg",
          "images": Object {
            "480w_still": Object {
              "height": "529",
              "url": "https://media4.giphy.com/media/33OrjzUFwkwEg/480w_s.jpg?cid=e1bb72ff5b6d561a6c553841678725c2",
              "width": "480",
            },
            "downsized": Object {
              "height": "300",
              "size": "999630",
              "url": "https://media0.giphy.com/media/33OrjzUFwkwEg/giphy-downsized.gif?cid=e1bb72ff5b6d561a6c553841678725c2",
              "width": "272",
            },
            "downsized_large": Object {
              "height": "300",
              "size": "999630",
              "url": "https://media0.giphy.com/media/33OrjzUFwkwEg/giphy.gif?cid=e1bb72ff5b6d561a6c553841678725c2",
              "width": "272",
            },
            "downsized_medium": Object {
              "height": "300",
              "size": "999630",
              "url": "https://media0.giphy.com/media/33OrjzUFwkwEg/giphy.gif?cid=e1bb72ff5b6d561a6c553841678725c2",
              "width": "272",
            },
            "downsized_small": Object {
              "height": "300",
              "mp4": "https://media0.giphy.com/media/33OrjzUFwkwEg/giphy-downsized-small.mp4?cid=e1bb72ff5b6d561a6c553841678725c2",
              "mp4_size": "100063",
              "width": "272",
            },
            "downsized_still": Object {
              "height": "300",
              "size": "50285",
              "url": "https://media0.giphy.com/media/33OrjzUFwkwEg/giphy-downsized_s.gif?cid=e1bb72ff5b6d561a6c553841678725c2",
              "width": "272",
            },
            "fixed_height": Object {
              "height": "200",
              "mp4": "https://media0.giphy.com/media/33OrjzUFwkwEg/200.mp4?cid=e1bb72ff5b6d561a6c553841678725c2",
              "mp4_size": "47361",
              "size": "236371",
              "url": "https://media0.giphy.com/media/33OrjzUFwkwEg/200.gif?cid=e1bb72ff5b6d561a6c553841678725c2",
              "webp": "https://media0.giphy.com/media/33OrjzUFwkwEg/200.webp?cid=e1bb72ff5b6d561a6c553841678725c2",
              "webp_size": "224784",
              "width": "181",
            },
            "fixed_height_downsampled": Object {
              "height": "200",
              "size": "213413",
              "url": "https://media0.giphy.com/media/33OrjzUFwkwEg/200_d.gif?cid=e1bb72ff5b6d561a6c553841678725c2",
              "webp": "https://media0.giphy.com/media/33OrjzUFwkwEg/200_d.webp?cid=e1bb72ff5b6d561a6c553841678725c2",
              "webp_size": "58898",
              "width": "181",
            },
            "fixed_height_small": Object {
              "height": "100",
              "mp4": "https://media0.giphy.com/media/33OrjzUFwkwEg/100.mp4?cid=e1bb72ff5b6d561a6c553841678725c2",
              "mp4_size": "56672",
              "size": "236371",
              "url": "https://media0.giphy.com/media/33OrjzUFwkwEg/100.gif?cid=e1bb72ff5b6d561a6c553841678725c2",
              "webp": "https://media0.giphy.com/media/33OrjzUFwkwEg/100.webp?cid=e1bb72ff5b6d561a6c553841678725c2",
              "webp_size": "55900",
              "width": "91",
            },
            "fixed_height_small_still": Object {
              "height": "100",
              "url": "https://media0.giphy.com/media/33OrjzUFwkwEg/100_s.gif?cid=e1bb72ff5b6d561a6c553841678725c2",
              "width": "91",
            },
            "fixed_height_still": Object {
              "height": "200",
              "url": "https://media0.giphy.com/media/33OrjzUFwkwEg/200_s.gif?cid=e1bb72ff5b6d561a6c553841678725c2",
              "width": "181",
            },
            "fixed_width": Object {
              "height": "221",
              "mp4": "https://media0.giphy.com/media/33OrjzUFwkwEg/200w.mp4?cid=e1bb72ff5b6d561a6c553841678725c2",
              "mp4_size": "47597",
              "size": "275951",
              "url": "https://media0.giphy.com/media/33OrjzUFwkwEg/200w.gif?cid=e1bb72ff5b6d561a6c553841678725c2",
              "webp": "https://media0.giphy.com/media/33OrjzUFwkwEg/200w.webp?cid=e1bb72ff5b6d561a6c553841678725c2",
              "webp_size": "266972",
              "width": "200",
            },
            "fixed_width_downsampled": Object {
              "height": "221",
              "size": "251903",
              "url": "https://media0.giphy.com/media/33OrjzUFwkwEg/200w_d.gif?cid=e1bb72ff5b6d561a6c553841678725c2",
              "webp": "https://media0.giphy.com/media/33OrjzUFwkwEg/200w_d.webp?cid=e1bb72ff5b6d561a6c553841678725c2",
              "webp_size": "69444",
              "width": "200",
            },
            "fixed_width_small": Object {
              "height": "110",
              "mp4": "https://media0.giphy.com/media/33OrjzUFwkwEg/100w.mp4?cid=e1bb72ff5b6d561a6c553841678725c2",
              "mp4_size": "65553",
              "size": "275951",
              "url": "https://media0.giphy.com/media/33OrjzUFwkwEg/100w.gif?cid=e1bb72ff5b6d561a6c553841678725c2",
              "webp": "https://media0.giphy.com/media/33OrjzUFwkwEg/100w.webp?cid=e1bb72ff5b6d561a6c553841678725c2",
              "webp_size": "64754",
              "width": "100",
            },
            "fixed_width_small_still": Object {
              "height": "110",
              "url": "https://media0.giphy.com/media/33OrjzUFwkwEg/100w_s.gif?cid=e1bb72ff5b6d561a6c553841678725c2",
              "width": "100",
            },
            "fixed_width_still": Object {
              "height": "221",
              "url": "https://media0.giphy.com/media/33OrjzUFwkwEg/200w_s.gif?cid=e1bb72ff5b6d561a6c553841678725c2",
              "width": "200",
            },
            "looping": Object {
              "mp4": "https://media0.giphy.com/media/33OrjzUFwkwEg/giphy-loop.mp4?cid=e1bb72ff5b6d561a6c553841678725c2",
              "mp4_size": "4075213",
            },
            "original": Object {
              "frames": "23",
              "height": "300",
              "mp4": "https://media0.giphy.com/media/33OrjzUFwkwEg/giphy.mp4?cid=e1bb72ff5b6d561a6c553841678725c2",
              "mp4_size": "183241",
              "size": "999630",
              "url": "https://media0.giphy.com/media/33OrjzUFwkwEg/giphy.gif?cid=e1bb72ff5b6d561a6c553841678725c2",
              "webp": "https://media0.giphy.com/media/33OrjzUFwkwEg/giphy.webp?cid=e1bb72ff5b6d561a6c553841678725c2",
              "webp_size": "477650",
              "width": "272",
            },
            "original_mp4": Object {
              "height": "528",
              "mp4": "https://media0.giphy.com/media/33OrjzUFwkwEg/giphy.mp4?cid=e1bb72ff5b6d561a6c553841678725c2",
              "mp4_size": "183241",
              "width": "480",
            },
            "original_still": Object {
              "height": "300",
              "url": "https://media0.giphy.com/media/33OrjzUFwkwEg/giphy_s.gif?cid=e1bb72ff5b6d561a6c553841678725c2",
              "width": "272",
            },
            "preview": Object {
              "height": "212",
              "mp4": "https://media0.giphy.com/media/33OrjzUFwkwEg/giphy-preview.mp4?cid=e1bb72ff5b6d561a6c553841678725c2",
              "mp4_size": "37852",
              "width": "192",
            },
            "preview_gif": Object {
              "height": "98",
              "size": "49158",
              "url": "https://media0.giphy.com/media/33OrjzUFwkwEg/giphy-preview.gif?cid=e1bb72ff5b6d561a6c553841678725c2",
              "width": "89",
            },
            "preview_webp": Object {
              "height": "142",
              "size": "49640",
              "url": "https://media0.giphy.com/media/33OrjzUFwkwEg/giphy-preview.webp?cid=e1bb72ff5b6d561a6c553841678725c2",
              "width": "129",
            },
          },
          "import_datetime": "2013-10-08 23:25:45",
          "is_sticker": 0,
          "rating": "g",
          "slug": "cat-33OrjzUFwkwEg",
          "source": "https://www.reddit.com/r/reactiongifs/comments/1o0oy9/mrw_rfunny_was_mostly_cats_today/",
          "source_post_url": "https://www.reddit.com/r/reactiongifs/comments/1o0oy9/mrw_rfunny_was_mostly_cats_today/",
          "source_tld": "www.reddit.com",
          "title": "happy cat GIF",
          "trending_datetime": "2014-09-19 00:52:23",
          "type": "gif",
          "url": "https://giphy.com/gifs/cat-33OrjzUFwkwEg",
          "username": "",
        }
      }
      index={5}
      key="33OrjzUFwkwEg"
      onItemSelect={[Function]}
      resultsPageIndex={2}
      selectedItemIndex={1}
    />
  </ul>
  <Paginator
    dir={1}
    onPaginate={[Function]}
    resultsPageIndex={2}
    totalResults={999}
  >
    Next
  </Paginator>
</section>
`;
